// Vitest Snapshot v1, https://vitest.dev/guide/snapshot.html

exports[`ChatMessageSkeleton > matches snapshot 1`] = `
<div
  aria-hidden="true"
  class="system-b-chat-message-skeleton"
>
  <div
    class="system-b-chat-message-skeleton-user-row"
  >
    <div
      class="system-b-chat-message-skeleton-user-bubble"
    >
      <div
        aria-hidden="true"
        class="skeleton motion-reduce:animate-none rounded-full system-b-chat-message-skeleton-user-line"
      />
    </div>
  </div>
  <div
    class="system-b-chat-message-skeleton-assistant-row"
  >
    <div
      class="system-b-chat-message-skeleton-assistant-frame"
    >
      <div
        aria-hidden="true"
        class="skeleton motion-reduce:animate-none rounded-lg system-b-chat-message-skeleton-line system-b-chat-message-skeleton-line-wide"
      />
      <div
        aria-hidden="true"
        class="skeleton motion-reduce:animate-none rounded-lg system-b-chat-message-skeleton-line system-b-chat-message-skeleton-line-medium"
      />
      <div
        aria-hidden="true"
        class="skeleton motion-reduce:animate-none rounded-lg system-b-chat-message-skeleton-line system-b-chat-message-skeleton-line-short"
      />
    </div>
  </div>
</div>
`;
